------------------------------------------------------------
TimeQuest Timing Analyzer Summary
------------------------------------------------------------

Type  : Slow 1100mV 85C Model Setup 'input'
Slack : -0.325
TNS   : -2.492

Type  : Slow 1100mV 85C Model Hold 'input'
Slack : 0.380
TNS   : 0.000

Type  : Slow 1100mV 85C Model Minimum Pulse Width 'input'
Slack : -0.538
TNS   : -7.394

Type  : Slow 1100mV 0C Model Setup 'input'
Slack : -0.398
TNS   : -3.070

Type  : Slow 1100mV 0C Model Hold 'input'
Slack : 0.373
TNS   : 0.000

Type  : Slow 1100mV 0C Model Minimum Pulse Width 'input'
Slack : -0.538
TNS   : -7.386

Type  : Fast 1100mV 85C Model Setup 'input'
Slack : 0.343
TNS   : 0.000

Type  : Fast 1100mV 85C Model Hold 'input'
Slack : 0.178
TNS   : 0.000

Type  : Fast 1100mV 85C Model Minimum Pulse Width 'input'
Slack : -0.285
TNS   : -2.619

Type  : Fast 1100mV 0C Model Setup 'input'
Slack : 0.395
TNS   : 0.000

Type  : Fast 1100mV 0C Model Hold 'input'
Slack : 0.167
TNS   : 0.000

Type  : Fast 1100mV 0C Model Minimum Pulse Width 'input'
Slack : -0.271
TNS   : -2.490

------------------------------------------------------------
